../Core/Src/NRF24.c:50:6:NRF24_DelayMicroSeconds	24	static
../Core/Src/NRF24.c:58:6:NRF24_csn	16	static
../Core/Src/NRF24.c:64:6:NRF24_ce	16	static
../Core/Src/NRF24.c:70:9:NRF24_read_register	24	static
../Core/Src/NRF24.c:87:6:NRF24_read_registerN	24	static
../Core/Src/NRF24.c:102:6:NRF24_write_register	24	static
../Core/Src/NRF24.c:115:6:NRF24_write_registerN	24	static
../Core/Src/NRF24.c:128:6:NRF24_write_payload	24	static
../Core/Src/NRF24.c:141:6:NRF24_read_payload	24	static
../Core/Src/NRF24.c:155:6:NRF24_flush_tx	8	static
../Core/Src/NRF24.c:160:6:NRF24_flush_rx	8	static
../Core/Src/NRF24.c:165:9:NRF24_get_status	16	static
../Core/Src/NRF24.c:173:6:NRF24_begin	32	static
../Core/Src/NRF24.c:247:6:NRF24_startListening	8	static
../Core/Src/NRF24.c:264:6:NRF24_stopListening	8	static
../Core/Src/NRF24.c:271:6:NRF24_write	32	static
../Core/Src/NRF24.c:307:6:NRF24_available	8	static
../Core/Src/NRF24.c:312:6:NRF24_read	24	static
../Core/Src/NRF24.c:321:6:NRF24_openWritingPipe	24	static
../Core/Src/NRF24.c:330:6:NRF24_openReadingPipe	24	static
../Core/Src/NRF24.c:354:6:NRF24_setRetries	16	static
../Core/Src/NRF24.c:360:6:NRF24_setChannel	24	static
../Core/Src/NRF24.c:366:6:NRF24_setPayloadSize	24	static
../Core/Src/NRF24.c:372:9:NRF24_getPayloadSize	4	static
../Core/Src/NRF24.c:377:9:NRF24_getDynamicPayloadSize	8	static
../Core/Src/NRF24.c:382:6:NRF24_enableAckPayload	8	static
../Core/Src/NRF24.c:395:6:NRF24_enableDynamicPayloads	8	static
../Core/Src/NRF24.c:409:6:NRF24_disableDynamicPayloads	8	static
../Core/Src/NRF24.c:417:6:NRF24_isNRF_Plus	4	static
../Core/Src/NRF24.c:422:6:NRF24_setAutoAck	16	static
../Core/Src/NRF24.c:430:6:NRF24_setAutoAckPipe	24	static
../Core/Src/NRF24.c:447:6:NRF24_setPALevel	24	static
../Core/Src/NRF24.c:478:15:NRF24_getPALevel	16	static
../Core/Src/NRF24.c:504:6:NRF24_setDataRate	24	static
../Core/Src/NRF24.c:549:17:NRF24_getDataRate	16	static
../Core/Src/NRF24.c:574:6:NRF24_setCRCLength	24	static
../Core/Src/NRF24.c:595:18:NRF24_getCRCLength	16	static
../Core/Src/NRF24.c:611:6:NRF24_disableCRC	16	static
../Core/Src/NRF24.c:617:6:NRF24_powerUp	8	static
../Core/Src/NRF24.c:622:6:NRF24_powerDown	8	static
../Core/Src/NRF24.c:627:6:NRF24_availablePipe	24	static
../Core/Src/NRF24.c:651:6:NRF24_startWrite	16	static
../Core/Src/NRF24.c:668:6:NRF24_writeAckPayload	24	static
../Core/Src/NRF24.c:679:6:NRF24_isAckPayloadAvailable	16	static
../Core/Src/NRF24.c:686:6:NRF24_whatHappened	32	static
../Core/Src/NRF24.c:697:6:NRF24_testCarrier	8	static
../Core/Src/NRF24.c:702:6:NRF24_testRPD	8	static
../Core/Src/NRF24.c:708:6:NRF24_resetStatus	8	static
../Core/Src/NRF24.c:714:6:NRF24_ACTIVATE_cmd	16	static
../Core/Src/NRF24.c:725:9:NRF24_GetAckPayloadSize	4	static
../Core/Src/NRF24.c:857:6:printRadioSettings	64	static
../Core/Src/NRF24.c:938:6:printStatusReg	136	static
../Core/Src/NRF24.c:954:6:printConfigReg	112	static
../Core/Src/NRF24.c:972:6:nrf24_DebugUART_Init	8	static
../Core/Src/NRF24.c:977:6:printFIFOstatus	128	static
